// Jest Snapshot v1, https://goo.gl/fbAQLP

exports[`render filter by title correctly 1`] = `ShallowWrapper {}`;
