exports[`render empty list correctly 1`] = `ShallowWrapper {}`;