// Jest Snapshot v1, https://goo.gl/fbAQLP

exports[`render filter by data action correctly 1`] = `ShallowWrapper {}`;
