exports[`render dropdown list correctly 1`] = `ShallowWrapper {}`;