exports[`render filter by data action correctly 1`] = `""`;