exports[`render modal approve confirmation correctly 1`] = `ShallowWrapper {}`;