// Jest Snapshot v1, https://goo.gl/fbAQLP

exports[`render error navigation bar component correctly 1`] = `ShallowWrapper {}`;
