exports[`render close button correctly 1`] = `ShallowWrapper {}`;