exports[`render delete button correctly 1`] = `ShallowWrapper {}`;