exports[`render edit button correctly 1`] = `ShallowWrapper {}`;