exports[`render notif button correctly 1`] = `ShallowWrapper {}`;