exports[`render close button correctly 1`] = `
<div
  className="close-button-row"
>
  <div
    className="close-button"
  />
</div>
`;
