// Jest Snapshot v1, https://goo.gl/fbAQLP

exports[`render edit button correctly 1`] = `""`;
