// Jest Snapshot v1, https://goo.gl/fbAQLP

exports[`render notif button correctly 1`] = `
<ContextConsumer>
  <Component />
</ContextConsumer>
`;
