// Jest Snapshot v1, https://goo.gl/fbAQLP

exports[`render input text correctly 1`] = `ShallowWrapper {}`;
