// Jest Snapshot v1, https://goo.gl/fbAQLP

exports[`render side menu correctly 1`] = `ShallowWrapper {}`;
