// Jest Snapshot v1, https://goo.gl/fbAQLP

exports[`render navigation bar correctly 1`] = `""`;
