exports[`render searchbar correctly 1`] = `ShallowWrapper {}`;