exports[`render modal unapprove confirmation correctly 1`] = `""`;