// Jest Snapshot v1, https://goo.gl/fbAQLP

exports[`render pop up menu correctly 1`] = `ShallowWrapper {}`;
