// Jest Snapshot v1, https://goo.gl/fbAQLP

exports[`render confirmation modal correctly 1`] = `""`;
