exports[`render input text correctly 1`] = `ShallowWrapper {}`;