// Jest Snapshot v1, https://goo.gl/fbAQLP

exports[`render input button correctly 1`] = `ShallowWrapper {}`;
