exports[`render confirmation modal correctly 1`] = `ShallowWrapper {}`;
