// Jest Snapshot v1, https://goo.gl/fbAQLP

exports[`render error message component correctly 1`] = `
<div
  className="error-message"
>
  <h4
    className="message-title"
  />
  <p
    className="message-content"
  />
</div>
`;
