exports[`render base button correctly 1`] = `ShallowWrapper {}`;