exports[`render input button correctly 1`] = `ShallowWrapper {}`;
