// Jest Snapshot v1, https://goo.gl/fbAQLP

exports[`render button close notif correctly 1`] = `ShallowWrapper {}`;
