// Jest Snapshot v1, https://goo.gl/fbAQLP

exports[`render filter by period date correctly 1`] = `ShallowWrapper {}`;
