exports[`render button close notif correctly 1`] = `""`;