// Jest Snapshot v1, https://goo.gl/fbAQLP

exports[`render filter by lifetime correctly 1`] = `ShallowWrapper {}`;
