exports[`render filter by period date correctly 1`] = `ShallowWrapper {}`;